[0.665s] DEBUG:colcon:Command line arguments: ['/usr/bin/colcon', 'build', '--symlink-install', '--cmake-args', '-DCMAKE_BUILD_TYPE=Release']
[0.665s] DEBUG:colcon:Parsed command line arguments: Namespace(log_base=None, log_level=None, verb_name='build', build_base='build', install_base='install', merge_install=False, symlink_install=True, test_result_base=None, continue_on_error=False, executor='parallel', parallel_workers=4, event_handlers=None, ignore_user_meta=False, metas=['./colcon.meta'], base_paths=['.'], packages_ignore=None, packages_ignore_regex=None, paths=None, packages_up_to=None, packages_up_to_regex=None, packages_above=None, packages_above_and_dependencies=None, packages_above_depth=None, packages_select_by_dep=None, packages_skip_by_dep=None, packages_skip_up_to=None, packages_select_build_failed=False, packages_skip_build_finished=False, packages_select_test_failures=False, packages_skip_test_passed=False, packages_select=None, packages_skip=None, packages_select_regex=None, packages_skip_regex=None, packages_start=None, packages_end=None, cmake_args=['-DCMAKE_BUILD_TYPE=Release'], cmake_target=None, cmake_target_skip_unavailable=False, cmake_clean_cache=False, cmake_clean_first=False, cmake_force_configure=False, ament_cmake_args=None, catkin_cmake_args=None, catkin_skip_building_tests=False, mixin_files=None, mixin=None, verb_parser=<colcon_mixin.mixin.mixin_argument.MixinArgumentDecorator object at 0x7ed706a0e0e0>, verb_extension=<colcon_core.verb.build.BuildVerb object at 0x7ed706b7f010>, main=<bound method BuildVerb.main of <colcon_core.verb.build.BuildVerb object at 0x7ed706b7f010>>, mixin_verb=('build',))
[2.013s] Level 1:colcon.colcon_core.package_discovery:discover_packages(colcon_meta) check parameters
[2.035s] INFO:colcon.colcon_metadata.package_discovery.colcon_meta:Using configuration from '/root/.colcon/metadata/default/Gazebo.meta'
[2.036s] INFO:colcon.colcon_metadata.package_discovery.colcon_meta:Using configuration from '/root/.colcon/metadata/default/fastdds.meta'
[2.038s] INFO:colcon.colcon_metadata.package_discovery.colcon_meta:Using configuration from '/root/.colcon/metadata/default/fastrtps.meta'
[2.038s] Level 1:colcon.colcon_core.package_discovery:discover_packages(recursive) check parameters
[2.038s] Level 1:colcon.colcon_core.package_discovery:discover_packages(ignore) check parameters
[2.038s] Level 1:colcon.colcon_core.package_discovery:discover_packages(path) check parameters
[2.038s] Level 1:colcon.colcon_core.package_discovery:discover_packages(colcon_meta) discover
[2.038s] Level 1:colcon.colcon_core.package_discovery:discover_packages(recursive) discover
[2.038s] INFO:colcon.colcon_core.package_discovery:Crawling recursively for packages in '/camera_ws/src/insta360_ros_driver'
[2.039s] Level 1:colcon.colcon_core.package_identification:_identify(.) by extensions ['ignore', 'ignore_ament_install']
[2.039s] Level 1:colcon.colcon_core.package_identification:_identify(.) by extension 'ignore'
[2.039s] Level 1:colcon.colcon_core.package_identification:_identify(.) by extension 'ignore_ament_install'
[2.039s] Level 1:colcon.colcon_core.package_identification:_identify(.) by extensions ['colcon_pkg']
[2.039s] Level 1:colcon.colcon_core.package_identification:_identify(.) by extension 'colcon_pkg'
[2.039s] Level 1:colcon.colcon_core.package_identification:_identify(.) by extensions ['colcon_meta']
[2.039s] Level 1:colcon.colcon_core.package_identification:_identify(.) by extension 'colcon_meta'
[2.039s] Level 1:colcon.colcon_core.package_identification:_identify(.) by extensions ['ros']
[2.039s] Level 1:colcon.colcon_core.package_identification:_identify(.) by extension 'ros'
[2.129s] DEBUG:colcon.colcon_core.package_identification:Package '.' with type 'ros.ament_cmake' and name 'insta360_ros_driver'
[2.129s] Level 1:colcon.colcon_core.package_discovery:discover_packages(recursive) using defaults
[2.129s] Level 1:colcon.colcon_core.package_discovery:discover_packages(ignore) discover
[2.130s] Level 1:colcon.colcon_core.package_discovery:discover_packages(ignore) using defaults
[2.130s] Level 1:colcon.colcon_core.package_discovery:discover_packages(path) discover
[2.130s] Level 1:colcon.colcon_core.package_discovery:discover_packages(path) using defaults
[2.368s] Level 5:colcon.colcon_core.verb:set package 'insta360_ros_driver' build argument 'cmake_args' from command line to '['-DCMAKE_BUILD_TYPE=Release']'
[2.369s] Level 5:colcon.colcon_core.verb:set package 'insta360_ros_driver' build argument 'cmake_target' from command line to 'None'
[2.369s] Level 5:colcon.colcon_core.verb:set package 'insta360_ros_driver' build argument 'cmake_target_skip_unavailable' from command line to 'False'
[2.369s] Level 5:colcon.colcon_core.verb:set package 'insta360_ros_driver' build argument 'cmake_clean_cache' from command line to 'False'
[2.369s] Level 5:colcon.colcon_core.verb:set package 'insta360_ros_driver' build argument 'cmake_clean_first' from command line to 'False'
[2.369s] Level 5:colcon.colcon_core.verb:set package 'insta360_ros_driver' build argument 'cmake_force_configure' from command line to 'False'
[2.369s] Level 5:colcon.colcon_core.verb:set package 'insta360_ros_driver' build argument 'ament_cmake_args' from command line to 'None'
[2.369s] Level 5:colcon.colcon_core.verb:set package 'insta360_ros_driver' build argument 'catkin_cmake_args' from command line to 'None'
[2.369s] Level 5:colcon.colcon_core.verb:set package 'insta360_ros_driver' build argument 'catkin_skip_building_tests' from command line to 'False'
[2.369s] DEBUG:colcon.colcon_core.verb:Building package 'insta360_ros_driver' with the following arguments: {'ament_cmake_args': None, 'build_base': '/camera_ws/src/insta360_ros_driver/build/insta360_ros_driver', 'catkin_cmake_args': None, 'catkin_skip_building_tests': False, 'cmake_args': ['-DCMAKE_BUILD_TYPE=Release'], 'cmake_clean_cache': False, 'cmake_clean_first': False, 'cmake_force_configure': False, 'cmake_target': None, 'cmake_target_skip_unavailable': False, 'install_base': '/camera_ws/src/insta360_ros_driver/install/insta360_ros_driver', 'merge_install': False, 'path': '/camera_ws/src/insta360_ros_driver', 'symlink_install': True, 'test_result_base': None}
[2.369s] INFO:colcon.colcon_core.executor:Executing jobs using 'parallel' executor
[2.371s] DEBUG:colcon.colcon_parallel_executor.executor.parallel:run_until_complete
[2.371s] INFO:colcon.colcon_ros.task.ament_cmake.build:Building ROS package in '/camera_ws/src/insta360_ros_driver' with build type 'ament_cmake'
[2.371s] INFO:colcon.colcon_cmake.task.cmake.build:Building CMake package in '/camera_ws/src/insta360_ros_driver'
[2.400s] INFO:colcon.colcon_core.plugin_system:Skipping extension 'colcon_core.shell.bat': Not used on non-Windows systems
[2.400s] INFO:colcon.colcon_core.shell:Skip shell extension 'powershell' for command environment: Not usable outside of PowerShell
[2.400s] DEBUG:colcon.colcon_core.shell:Skip shell extension 'dsv' for command environment
[2.437s] DEBUG:colcon.colcon_core.event_handler.log_command:Invoking command in '/camera_ws/src/insta360_ros_driver/build/insta360_ros_driver': CMAKE_PREFIX_PATH=/opt/ros/humble /usr/bin/cmake /camera_ws/src/insta360_ros_driver -DCMAKE_BUILD_TYPE=Release -DAMENT_CMAKE_SYMLINK_INSTALL=1 -DCMAKE_INSTALL_PREFIX=/camera_ws/src/insta360_ros_driver/install/insta360_ros_driver
[10.910s] DEBUG:colcon.colcon_core.event_handler.log_command:Invoked command in '/camera_ws/src/insta360_ros_driver/build/insta360_ros_driver' returned '0': CMAKE_PREFIX_PATH=/opt/ros/humble /usr/bin/cmake /camera_ws/src/insta360_ros_driver -DCMAKE_BUILD_TYPE=Release -DAMENT_CMAKE_SYMLINK_INSTALL=1 -DCMAKE_INSTALL_PREFIX=/camera_ws/src/insta360_ros_driver/install/insta360_ros_driver
[10.916s] DEBUG:colcon.colcon_core.event_handler.log_command:Invoking command in '/camera_ws/src/insta360_ros_driver/build/insta360_ros_driver': CMAKE_PREFIX_PATH=/opt/ros/humble /usr/bin/cmake --build /camera_ws/src/insta360_ros_driver/build/insta360_ros_driver -- -j4 -l4
[100.388s] DEBUG:colcon.colcon_core.event_handler.log_command:Invoked command in '/camera_ws/src/insta360_ros_driver/build/insta360_ros_driver' returned '0': CMAKE_PREFIX_PATH=/opt/ros/humble /usr/bin/cmake --build /camera_ws/src/insta360_ros_driver/build/insta360_ros_driver -- -j4 -l4
[100.401s] DEBUG:colcon.colcon_core.event_handler.log_command:Invoking command in '/camera_ws/src/insta360_ros_driver/build/insta360_ros_driver': CMAKE_PREFIX_PATH=/opt/ros/humble /usr/bin/cmake --install /camera_ws/src/insta360_ros_driver/build/insta360_ros_driver
[101.260s] Level 1:colcon.colcon_core.environment:create_environment_scripts_only(insta360_ros_driver)
[101.262s] DEBUG:colcon.colcon_core.event_handler.log_command:Invoked command in '/camera_ws/src/insta360_ros_driver/build/insta360_ros_driver' returned '0': CMAKE_PREFIX_PATH=/opt/ros/humble /usr/bin/cmake --install /camera_ws/src/insta360_ros_driver/build/insta360_ros_driver
[101.326s] Level 1:colcon.colcon_core.environment:checking '/camera_ws/src/insta360_ros_driver/install/insta360_ros_driver' for CMake module files
[101.327s] Level 1:colcon.colcon_core.environment:checking '/camera_ws/src/insta360_ros_driver/install/insta360_ros_driver' for CMake config files
[101.328s] Level 1:colcon.colcon_core.shell:create_environment_hook('insta360_ros_driver', 'cmake_prefix_path')
[101.328s] INFO:colcon.colcon_core.shell:Creating environment hook '/camera_ws/src/insta360_ros_driver/install/insta360_ros_driver/share/insta360_ros_driver/hook/cmake_prefix_path.ps1'
[101.330s] INFO:colcon.colcon_core.shell:Creating environment descriptor '/camera_ws/src/insta360_ros_driver/install/insta360_ros_driver/share/insta360_ros_driver/hook/cmake_prefix_path.dsv'
[101.331s] INFO:colcon.colcon_core.shell:Creating environment hook '/camera_ws/src/insta360_ros_driver/install/insta360_ros_driver/share/insta360_ros_driver/hook/cmake_prefix_path.sh'
[101.333s] Level 1:colcon.colcon_core.environment:checking '/camera_ws/src/insta360_ros_driver/install/insta360_ros_driver/lib'
[101.333s] Level 1:colcon.colcon_core.environment:checking '/camera_ws/src/insta360_ros_driver/install/insta360_ros_driver/bin'
[101.333s] Level 1:colcon.colcon_core.environment:checking '/camera_ws/src/insta360_ros_driver/install/insta360_ros_driver/lib/pkgconfig/insta360_ros_driver.pc'
[101.338s] Level 1:colcon.colcon_core.environment:checking '/camera_ws/src/insta360_ros_driver/install/insta360_ros_driver/lib/python3.10/site-packages'
[101.339s] Level 1:colcon.colcon_core.environment:checking '/camera_ws/src/insta360_ros_driver/install/insta360_ros_driver/bin'
[101.340s] INFO:colcon.colcon_core.shell:Creating package script '/camera_ws/src/insta360_ros_driver/install/insta360_ros_driver/share/insta360_ros_driver/package.ps1'
[101.343s] INFO:colcon.colcon_core.shell:Creating package descriptor '/camera_ws/src/insta360_ros_driver/install/insta360_ros_driver/share/insta360_ros_driver/package.dsv'
[101.345s] INFO:colcon.colcon_core.shell:Creating package script '/camera_ws/src/insta360_ros_driver/install/insta360_ros_driver/share/insta360_ros_driver/package.sh'
[101.347s] INFO:colcon.colcon_core.shell:Creating package script '/camera_ws/src/insta360_ros_driver/install/insta360_ros_driver/share/insta360_ros_driver/package.bash'
[101.374s] INFO:colcon.colcon_core.shell:Creating package script '/camera_ws/src/insta360_ros_driver/install/insta360_ros_driver/share/insta360_ros_driver/package.zsh'
[101.376s] Level 1:colcon.colcon_core.environment:create_file_with_runtime_dependencies(/camera_ws/src/insta360_ros_driver/install/insta360_ros_driver/share/colcon-core/packages/insta360_ros_driver)
[101.379s] Level 1:colcon.colcon_core.environment:create_environment_scripts_only(insta360_ros_driver)
[101.379s] Level 1:colcon.colcon_core.environment:checking '/camera_ws/src/insta360_ros_driver/install/insta360_ros_driver' for CMake module files
[101.381s] Level 1:colcon.colcon_core.environment:checking '/camera_ws/src/insta360_ros_driver/install/insta360_ros_driver' for CMake config files
[101.382s] Level 1:colcon.colcon_core.shell:create_environment_hook('insta360_ros_driver', 'cmake_prefix_path')
[101.382s] INFO:colcon.colcon_core.shell:Creating environment hook '/camera_ws/src/insta360_ros_driver/install/insta360_ros_driver/share/insta360_ros_driver/hook/cmake_prefix_path.ps1'
[101.383s] INFO:colcon.colcon_core.shell:Creating environment descriptor '/camera_ws/src/insta360_ros_driver/install/insta360_ros_driver/share/insta360_ros_driver/hook/cmake_prefix_path.dsv'
[101.384s] INFO:colcon.colcon_core.shell:Creating environment hook '/camera_ws/src/insta360_ros_driver/install/insta360_ros_driver/share/insta360_ros_driver/hook/cmake_prefix_path.sh'
[101.386s] Level 1:colcon.colcon_core.environment:checking '/camera_ws/src/insta360_ros_driver/install/insta360_ros_driver/lib'
[101.386s] Level 1:colcon.colcon_core.environment:checking '/camera_ws/src/insta360_ros_driver/install/insta360_ros_driver/bin'
[101.386s] Level 1:colcon.colcon_core.environment:checking '/camera_ws/src/insta360_ros_driver/install/insta360_ros_driver/lib/pkgconfig/insta360_ros_driver.pc'
[101.387s] Level 1:colcon.colcon_core.environment:checking '/camera_ws/src/insta360_ros_driver/install/insta360_ros_driver/lib/python3.10/site-packages'
[101.387s] Level 1:colcon.colcon_core.environment:checking '/camera_ws/src/insta360_ros_driver/install/insta360_ros_driver/bin'
[101.388s] INFO:colcon.colcon_core.shell:Creating package script '/camera_ws/src/insta360_ros_driver/install/insta360_ros_driver/share/insta360_ros_driver/package.ps1'
[101.389s] INFO:colcon.colcon_core.shell:Creating package descriptor '/camera_ws/src/insta360_ros_driver/install/insta360_ros_driver/share/insta360_ros_driver/package.dsv'
[101.390s] INFO:colcon.colcon_core.shell:Creating package script '/camera_ws/src/insta360_ros_driver/install/insta360_ros_driver/share/insta360_ros_driver/package.sh'
[101.392s] INFO:colcon.colcon_core.shell:Creating package script '/camera_ws/src/insta360_ros_driver/install/insta360_ros_driver/share/insta360_ros_driver/package.bash'
[101.393s] INFO:colcon.colcon_core.shell:Creating package script '/camera_ws/src/insta360_ros_driver/install/insta360_ros_driver/share/insta360_ros_driver/package.zsh'
[101.394s] Level 1:colcon.colcon_core.environment:create_file_with_runtime_dependencies(/camera_ws/src/insta360_ros_driver/install/insta360_ros_driver/share/colcon-core/packages/insta360_ros_driver)
[101.395s] DEBUG:colcon.colcon_parallel_executor.executor.parallel:closing loop
[101.396s] DEBUG:colcon.colcon_parallel_executor.executor.parallel:loop closed
[101.396s] DEBUG:colcon.colcon_parallel_executor.executor.parallel:run_until_complete finished with '0'
[101.396s] DEBUG:colcon.colcon_core.event_reactor:joining thread
[101.467s] INFO:colcon.colcon_core.plugin_system:Skipping extension 'colcon_notification.desktop_notification.notify_send': Could not find 'notify-send'
[101.467s] INFO:colcon.colcon_core.plugin_system:Skipping extension 'colcon_notification.desktop_notification.terminal_notifier': Not used on non-Darwin systems
[101.468s] INFO:colcon.colcon_core.plugin_system:Skipping extension 'colcon_notification.desktop_notification.win32': Not used on non-Windows systems
[101.468s] INFO:colcon.colcon_notification.desktop_notification:Sending desktop notification using 'notify2'
[101.490s] DEBUG:colcon.colcon_notification.desktop_notification.notify2:Failed to initialize notify2: org.freedesktop.DBus.Error.Spawn.ExecFailed: /usr/bin/dbus-launch terminated abnormally without any error message
[101.491s] DEBUG:colcon.colcon_core.event_reactor:joined thread
[101.493s] INFO:colcon.colcon_core.shell:Creating prefix script '/camera_ws/src/insta360_ros_driver/install/local_setup.ps1'
[101.496s] INFO:colcon.colcon_core.shell:Creating prefix util module '/camera_ws/src/insta360_ros_driver/install/_local_setup_util_ps1.py'
[101.528s] INFO:colcon.colcon_core.shell:Creating prefix chain script '/camera_ws/src/insta360_ros_driver/install/setup.ps1'
[101.552s] INFO:colcon.colcon_core.shell:Creating prefix script '/camera_ws/src/insta360_ros_driver/install/local_setup.sh'
[101.684s] INFO:colcon.colcon_core.shell:Creating prefix util module '/camera_ws/src/insta360_ros_driver/install/_local_setup_util_sh.py'
[101.686s] INFO:colcon.colcon_core.shell:Creating prefix chain script '/camera_ws/src/insta360_ros_driver/install/setup.sh'
[101.750s] INFO:colcon.colcon_core.shell:Creating prefix script '/camera_ws/src/insta360_ros_driver/install/local_setup.bash'
[101.751s] INFO:colcon.colcon_core.shell:Creating prefix chain script '/camera_ws/src/insta360_ros_driver/install/setup.bash'
[101.754s] INFO:colcon.colcon_core.shell:Creating prefix script '/camera_ws/src/insta360_ros_driver/install/local_setup.zsh'
[101.756s] INFO:colcon.colcon_core.shell:Creating prefix chain script '/camera_ws/src/insta360_ros_driver/install/setup.zsh'
